[setup_garfield] host=dylan-MS-7C84  ROOT 6.30.02  python 3.10.12
[setup_garfield] Garfield++ 927e5c21 at /home/dylan/Software/garfield/install
[campaign] field map: ../meshcell/meshfield_production.txt, 8-way parallel, 56 slices
[campaign] done ArIso955_dry_470V_s2 (0)
[campaign] done ArIso955_dry_470V_s8 (0)
[campaign] done ArIso955_dry_470V_s6 (0)
[campaign] done ArIso955_dry_470V_s7 (0)
[campaign] done ArIso955_dry_470V_s4 (0)
[campaign] done ArIso955_dry_470V_s5 (0)
[campaign] done ArIso955_dry_470V_s3 (0)
[campaign] done ArIso955_dry_470V_s1 (0)
[campaign] done ArIso955_dry_480V_s1 (0)
[campaign] done ArIso955_dry_480V_s2 (0)
[campaign] done ArIso955_dry_480V_s3 (0)
[campaign] done ArIso955_dry_480V_s5 (0)
[campaign] done ArIso955_dry_480V_s7 (0)
[campaign] done ArIso955_dry_480V_s6 (0)
[campaign] done ArIso955_dry_480V_s4 (0)
[campaign] done ArIso955_dry_480V_s8 (0)
[campaign] done ArIso955_dry_490V_s2 (0)
[campaign] done ArIso955_dry_490V_s1 (0)
[campaign] done ArIso955_dry_490V_s4 (0)
[campaign] done ArIso955_dry_490V_s3 (0)
[campaign] done ArIso955_dry_490V_s7 (0)
[campaign] done ArIso955_dry_490V_s5 (0)
[campaign] done ArIso955_dry_490V_s6 (0)
[campaign] done ArIso955_dry_490V_s8 (0)
[campaign] done ArIso955_dry_500V_s1 (0)
[campaign] done ArIso955_dry_500V_s2 (0)
[campaign] done ArIso955_dry_500V_s3 (0)
[campaign] done ArIso955_dry_500V_s4 (0)
[campaign] done ArIso955_dry_500V_s6 (0)
[campaign] done ArIso955_dry_500V_s5 (0)
[campaign] done ArIso955_dry_500V_s7 (0)
[campaign] done ArIso955_dry_510V_s1 (0)
[campaign] done ArIso955_dry_500V_s8 (0)
[campaign] done ArIso955_dry_510V_s2 (0)
[campaign] done ArIso955_dry_510V_s4 (0)
[campaign] done ArIso955_dry_510V_s3 (0)
[campaign] done ArIso955_dry_510V_s5 (0)
[campaign] done ArIso955_dry_510V_s6 (0)
[campaign] done ArIso955_dry_520V_s1 (0)
[campaign] done ArIso955_dry_510V_s7 (0)
[campaign] done ArIso955_dry_520V_s2 (0)
[campaign] done ArIso955_dry_510V_s8 (0)
[campaign] done ArIso955_dry_520V_s3 (0)
[campaign] done ArIso955_dry_520V_s5 (0)
[campaign] done ArIso955_dry_520V_s4 (0)
[campaign] done ArIso955_dry_520V_s6 (0)
[campaign] done ArIso955_dry_530V_s1 (0)
[campaign] done ArIso955_dry_530V_s2 (0)
[campaign] done ArIso955_dry_520V_s8 (0)
[campaign] done ArIso955_dry_520V_s7 (0)
[campaign] done ArIso955_dry_530V_s3 (0)
[campaign] done ArIso955_dry_530V_s5 (0)
[campaign] done ArIso955_dry_530V_s4 (0)
[campaign] done ArIso955_dry_530V_s6 (0)
[campaign] done ArIso955_dry_530V_s7 (0)
[campaign] done ArIso955_dry_530V_s8 (0)
[campaign] all slices submitted; check results_meshfield/logs for failures
