T10 slow path — does the ion's LATERAL shape matter?

  kernel        greens_comb_rho2M_dk50um_g19um.npz
  birth heights S3 measured alpha_z_hist, <z> = 13.90 µm over 59 nodes
  ion speed     0.4900 µm/ns at 490 V -> transit 306 ns
  flat f_ion    0.9073   (what the fast path applies to every channel)
  time grid     1 ns to 3000 ns

  delivery profile area 1.000000000   OK (window contains the transit)

  == deposit on-strip: column 35, x0 = 15.210 mm, ESL phase 10 µm ==
      Y parity 0 probes built
      Y parity 1 probes built
      X columns 35+d probes built
      radial-bin fidelity vs the direct reduction: 3.60e-06   OK
      k=0-only self-check (slow must == fast): 3.19e-15   OK

      smear point            X: shaped  1.48% charge  0.01% c1 0.005->0.005  |  Y: shaped  0.50% charge  0.01% c1 0.884->0.885
      smear aval 34 µm       X: shaped  1.44% charge  0.00% c1 0.006->0.006  |  Y: shaped  0.49% charge  0.00% c1 0.885->0.886
      smear z=2mm, 213 µm    X: shaped  2.16% charge  0.01% c1 0.029->0.031  |  Y: shaped  0.97% charge  0.01% c1 0.806->0.804
      smear z=10mm, 477 µm   X: shaped  0.79% charge  0.01% c1 0.364->0.365  |  Y: shaped  0.17% charge  0.00% c1 0.526->0.527
      smear z=30mm, 826 µm   X: shaped  0.22% charge  0.00% c1 0.480->0.480  |  Y: shaped  0.16% charge  0.00% c1 0.457->0.457

      X view, avalanche smear only (d = -3..3):
        q fast   -0.00000  0.00000  0.00162  0.36702  0.00115  0.00000 -0.00000
        q slow   -0.00000  0.00000  0.00162  0.36702  0.00115  0.00000 -0.00000
        share f   -0.0000   0.0000   0.0044   0.9925   0.0031   0.0000  -0.0000
        share s   -0.0000   0.0000   0.0044   0.9925   0.0031   0.0000  -0.0000
        q prompt  0.00000  0.00000  0.00000  0.08413  0.00000  0.00000  0.00000
        f_e true  -0.5359   0.2857  -0.2693   0.0945  -0.2693   0.2857  -0.5359   <- the fast path uses 0.0927 for all
        (f_e is a ratio to the PROMPT amplitude on the row above; where that is
         near zero the ratio is large and the absolute error is not)

      Y view, avalanche smear only (d = -3..3):
        q fast    0.05888  0.00057  0.09533  0.00069  0.09533  0.00057  0.05888
        q slow    0.05888  0.00057  0.09532  0.00069  0.09532  0.00057  0.05888
        share f    0.1898   0.0018   0.3073   0.0022   0.3073   0.0018   0.1898
        share s    0.1898   0.0018   0.3073   0.0022   0.3073   0.0018   0.1898
        q prompt -0.00000 -0.00000  0.00002  0.00004  0.00002 -0.00000 -0.00000
        f_e true  -0.2841   3.7088  -0.2514  -0.2503  -0.2514   3.7088  -0.2841   <- the fast path uses 0.0927 for all
        (f_e is a ratio to the PROMPT amplitude on the row above; where that is
         near zero the ratio is large and the absolute error is not)

  == deposit in-gap: column 15, x0 = 30.810 mm, ESL phase 410 µm ==
      Y parity 0 probes built
      Y parity 1 probes built
      X columns 15+d probes built
      radial-bin fidelity vs the direct reduction: 2.94e-06   OK
      k=0-only self-check (slow must == fast): 4.14e-15   OK

      smear point            X: shaped  8.04% charge  0.08% c1 0.022->0.028  |  Y: shaped  2.19% charge  0.01% c1 0.380->0.365
      smear aval 34 µm       X: shaped  8.26% charge  0.09% c1 0.029->0.034  |  Y: shaped  2.24% charge  0.01% c1 0.382->0.369
      smear z=2mm, 213 µm    X: shaped  2.66% charge  0.02% c1 0.216->0.220  |  Y: shaped  0.55% charge  0.00% c1 0.416->0.418
      smear z=10mm, 477 µm   X: shaped  0.75% charge  0.01% c1 0.424->0.426  |  Y: shaped  0.14% charge  0.00% c1 0.458->0.458
      smear z=30mm, 826 µm   X: shaped  0.20% charge  0.00% c1 0.475->0.475  |  Y: shaped  0.18% charge  0.00% c1 0.460->0.459

      X view, avalanche smear only (d = -3..3):
        q fast   -0.00000  0.00001  0.01071  0.76965  0.01462  0.00001  0.00000
        q slow   -0.00000  0.00001  0.01064  0.77035  0.01454  0.00001  0.00000
        share f   -0.0000   0.0000   0.0135   0.9681   0.0184   0.0000   0.0000
        share s   -0.0000   0.0000   0.0134   0.9683   0.0183   0.0000   0.0000
        q prompt  0.00000  0.00000  0.00000  0.08413  0.00000  0.00000  0.00000
        f_e true  -0.5359   0.2857  -0.2693   0.0945  -0.2693   0.2857  -0.5359   <- the fast path uses 0.0927 for all
        (f_e is a ratio to the PROMPT amplitude on the row above; where that is
         near zero the ratio is large and the absolute error is not)

      Y view, avalanche smear only (d = -3..3):
        q fast    0.00381  0.00548  0.00631  0.00717  0.00631  0.00548  0.00381
        q slow    0.00378  0.00550  0.00637  0.00726  0.00637  0.00550  0.00378
        share f    0.0994   0.1427   0.1645   0.1868   0.1645   0.1427   0.0994
        share s    0.0981   0.1425   0.1652   0.1882   0.1652   0.1425   0.0981
        q prompt -0.00000 -0.00000  0.00002  0.00004  0.00002 -0.00000 -0.00000
        f_e true  -0.2841   3.7088  -0.2514  -0.2503  -0.2514   3.7088  -0.2841   <- the fast path uses 0.0927 for all
        (f_e is a ratio to the PROMPT amplitude on the row above; where that is
         near zero the ratio is large and the absolute error is not)

  worst residual vs the EVENT's largest shaped amplitude (the bar):
    DREAM-shaped waveform  8.26%      raw current 9.41%   channel charge 0.09%
  same, normalised WITHIN each view (a sharing ratio, not a residual):
    DREAM-shaped 91.09%   channel charge 1.70%
  worst shift in c1, the §9 observable: +28.5%
  T10 bar 2%  ->  FAIL — the fast path is not certified

  -> design/report/t10/t10_prod_ny1024.json
