[setup_garfield] host=dylan-MS-7C84  ROOT 6.30.02  python 3.10.12
[setup_garfield] Garfield++ 927e5c21 at /home/dylan/Software/garfield/install
[curve] E_drift=50 V/cm: solving (edrift0050) ...
[curve] E_drift=50 V/cm: G7 via gates_check.C ...
[curve] E_drift=100 V/cm: solving (edrift0100) ...
[curve] E_drift=100 V/cm: G7 via gates_check.C ...
[curve] E_drift=200 V/cm: solving (edrift0200) ...
[curve] E_drift=200 V/cm: G7 via gates_check.C ...
[curve] E_drift=500 V/cm: solving (edrift0500) ...
[curve] E_drift=500 V/cm: G7 via gates_check.C ...
[curve] E_drift=700 V/cm: solving (edrift0700) ...
[curve] E_drift=700 V/cm: G7 via gates_check.C ...
[curve] E_drift=1000 V/cm: solving (edrift1000) ...
[curve] E_drift=1000 V/cm: G7 via gates_check.C ...
[curve] wrote transparency_curve.csv:
E_drift_Vcm,E_amp_Vcm,ratio_amp_drift,eps,eps_err,funnel_rms_um,source
333.0,31014.0,93.135,0.955,0.005,,production_accepted
50.0,31007.2,620.144,0.990,0.005,102.3,smoke
100.0,31007.4,310.074,0.993,0.004,96.4,smoke
200.0,31007.7,155.039,0.988,0.006,93.9,smoke
500.0,31008.7,62.017,0.843,0.018,97.9,smoke
700.0,31009.3,44.299,0.743,0.022,101.1,smoke
1000.0,31010.3,31.010,0.547,0.025,100.7,smoke
